
> electedu-frontend@1.0.0 test
> vitest run --coverage


[7m[1m[36m RUN [39m[22m[27m [36mv1.6.1[39m [90mC:/Users/Sriesa/election education system/frontend[39m
[2m      Coverage enabled with [22m[33mv8[39m

 [32mΓ£ô[39m src/__tests__/chat.store.test.ts [2m ([22m[2m4 tests[22m[2m)[22m[90m 99[2mms[22m[39m
 [32mΓ£ô[39m src/__tests__/settings.store.test.ts [2m ([22m[2m5 tests[22m[2m)[22m[90m 84[2mms[22m[39m
 [32mΓ£ô[39m src/__tests__/StaticFAQCards.test.tsx [2m ([22m[2m3 tests[22m[2m)[22m[33m 674[2mms[22m[39m
 [32mΓ£ô[39m src/__tests__/SuggestionChips.test.tsx [2m ([22m[2m4 tests[22m[2m)[22m[33m 565[2mms[22m[39m
 [33mΓ¥»[39m src/__tests__/useOfflineDetection.test.ts [2m ([22m[2m2 tests[22m [2m|[22m [31m2 failed[39m[2m)[22m[33m 350[2mms[22m[39m
[31m   [33mΓ¥»[31m src/__tests__/useOfflineDetection.test.ts[2m > [22museOfflineDetection[2m > [22mreturns true when navigator.onLine is true[39m
[31m     ΓåÆ expected false to be true // Object.is equality[39m
[31m   [33mΓ¥»[31m src/__tests__/useOfflineDetection.test.ts[2m > [22museOfflineDetection[2m > [22mreturns false when navigator.onLine is false[39m
[31m     ΓåÆ expected true to be false // Object.is equality[39m
 [32mΓ£ô[39m src/__tests__/LoadingDots.test.tsx [2m ([22m[2m3 tests[22m[2m)[22m[33m 2437[2mms[22m[39m
 [33mΓ¥»[39m src/__tests__/OnboardingScreen.test.tsx [2m ([22m[2m6 tests[22m [2m|[22m [31m1 failed[39m[2m)[22m[33m 3788[2mms[22m[39m
[31m   [33mΓ¥»[31m src/__tests__/OnboardingScreen.test.tsx[2m > [22mOnboardingScreen[2m > [22mcountry chips are keyboard accessible[39m
[31m     ΓåÆ expected null to be truthy[39m
 [32mΓ£ô[39m src/__tests__/QuizWidget.test.tsx [2m ([22m[2m5 tests[22m[2m)[22m[33m 3849[2mms[22m[39m
 [33mΓ¥»[39m src/__tests__/PlainLanguageToggle.test.tsx [2m ([22m[2m3 tests[22m [2m|[22m [31m3 failed[39m[2m)[22m[33m 3923[2mms[22m[39m
[31m   [33mΓ¥»[31m src/__tests__/PlainLanguageToggle.test.tsx[2m > [22mPlainLanguageToggle[2m > [22mrenders toggle button[39m
[31m     ΓåÆ Unable to find an accessible element with the role "button"

Here are the accessible roles:

  switch:

  Name "Toggle plain language mode":
  [36m<button[31m
    [33maria-label[31m=[32m"Toggle plain language mode"[31m
    [33maria-pressed[31m=[32m"false"[31m
    [33mclass[31m=[32m"w-full flex items-center justify-between min-h-[44px] rounded-lg transition-colors focus:outline-none focus:ring-2 focus:ring-civic-accent p-2 -ml-2 hover:bg-civic-elevated group"[31m
    [33mrole[31m=[32m"switch"[31m
  [36m/>[31m

  --------------------------------------------------

Ignored nodes: comments, script, style
[36m<body>[31m
  [36m<div>[31m
    [36m<button[31m
      [33maria-label[31m=[32m"Toggle plain language mode"[31m
      [33maria-pressed[31m=[32m"false"[31m
      [33mclass[31m=[32m"w-full flex items-center justify-between min-h-[44px] rounded-lg transition-colors focus:outline-none focus:ring-2 focus:ring-civic-accent p-2 -ml-2 hover:bg-civic-elevated group"[31m
      [33mrole[31m=[32m"switch"[31m
    [36m>[31m
      [36m<div[31m
        [33mclass[31m=[32m"flex items-center space-x-3 text-sm text-gray-400 group-hover:text-white transition-colors"[31m
      [36m>[31m
        [36m<svg[31m
          [33mclass[31m=[32m"lucide lucide-eye-off w-5 h-5"[31m
          [33mfill[31m=[32m"none"[31m
          [33mheight[31m=[32m"24"[31m
          [33mstroke[31m=[32m"currentColor"[31m
          [33mstroke-linecap[31m=[32m"round"[31m
          [33mstroke-linejoin[31m=[32m"round"[31m
          [33mstroke-width[31m=[32m"2"[31m
          [33mviewBox[31m=[32m"0 0 24 24"[31m
          [33mwidth[31m=[32m"24"[31m
          [33mxmlns[31m=[32m"http://www.w3.org/2000/svg"[31m
        [36m>[31m
          [36m<path[31m
            [33md[31m=[32m"M9.88 9.88a3 3 0 1 0 4.24 4.24"[31m
          [36m/>[31m
          [36m<path[31m
            [33md[31m=[32m"M10.73 5.08A10.43 10.43 0 0 1 12 5c7 0 10 7 10 7a13.16 13.16 0 0 1-1.67 2.68"[31m
          [36m/>[31m
          [36m<path[31m
            [33md[31m=[32m"M6.61 6.61A13.526 13.526 0 0 0 2 12s3 7 10 7a9.74 9.74 0 0 0 5.39-1.61"[31m
          [36m/>[31m
          [36m<line[31m
            [33mx1[31m=[32m"2"[31m
            [33mx2[31m=[32m"22"[31m
            [33my1[31m=[32m"2"[31m
            [33my2[31m=[32m"22"[31m
          [36m/>[31m
        [36m</svg>[31m
        [36m<div[31m
          [33mclass[31m=[32m"flex flex-col items-start"[31m
        [36m>[31m
          [36m<span[31m
            [33mclass[31m=[32m""[31m
          [36m>[31m
            [0mSimple Language[0m
          [36m</span>[31m
          [36m<span[31m
            [33mclass[31m=[32m"text-[10px] text-gray-500"[31m
          [36m>[31m
            [0mEasier words for everyone[0m
          [36m</span>[31m
        [36m</div>[31m
      [36m</div>[31m
      [36m<div[31m
        [33mclass[31m=[32m"relative inline-flex h-5 w-9 items-center rounded-full transition-colors bg-civic-elevated"[31m
      [36m>[31m
        [36m<span[31m
          [33mclass[31m=[32m"inline-block h-3.5 w-3.5 transform rounded-full bg-white transition-transform translate-x-1"[31m
        [36m/>[31m
      [36m</div>[31m
    [36m</button>[31m
  [36m</div>[31m
[36m</body>[31m[39m
[31m   [33mΓ¥»[31m src/__tests__/PlainLanguageToggle.test.tsx[2m > [22mPlainLanguageToggle[2m > [22mtoggles plain language mode on click[39m
[31m     ΓåÆ Unable to find an accessible element with the role "button"

Here are the accessible roles:

  switch:

  Name "Toggle plain language mode":
  [36m<button[31m
    [33maria-label[31m=[32m"Toggle plain language mode"[31m
    [33maria-pressed[31m=[32m"false"[31m
    [33mclass[31m=[32m"w-full flex items-center justify-between min-h-[44px] rounded-lg transition-colors focus:outline-none focus:ring-2 focus:ring-civic-accent p-2 -ml-2 hover:bg-civic-elevated group"[31m
    [33mrole[31m=[32m"switch"[31m
  [36m/>[31m

  --------------------------------------------------

Ignored nodes: comments, script, style
[36m<body>[31m
  [36m<div>[31m
    [36m<button[31m
      [33maria-label[31m=[32m"Toggle plain language mode"[31m
      [33maria-pressed[31m=[32m"false"[31m
      [33mclass[31m=[32m"w-full flex items-center justify-between min-h-[44px] rounded-lg transition-colors focus:outline-none focus:ring-2 focus:ring-civic-accent p-2 -ml-2 hover:bg-civic-elevated group"[31m
      [33mrole[31m=[32m"switch"[31m
    [36m>[31m
      [36m<div[31m
        [33mclass[31m=[32m"flex items-center space-x-3 text-sm text-gray-400 group-hover:text-white transition-colors"[31m
      [36m>[31m
        [36m<svg[31m
          [33mclass[31m=[32m"lucide lucide-eye-off w-5 h-5"[31m
          [33mfill[31m=[32m"none"[31m
          [33mheight[31m=[32m"24"[31m
          [33mstroke[31m=[32m"currentColor"[31m
          [33mstroke-linecap[31m=[32m"round"[31m
          [33mstroke-linejoin[31m=[32m"round"[31m
          [33mstroke-width[31m=[32m"2"[31m
          [33mviewBox[31m=[32m"0 0 24 24"[31m
          [33mwidth[31m=[32m"24"[31m
          [33mxmlns[31m=[32m"http://www.w3.org/2000/svg"[31m
        [36m>[31m
          [36m<path[31m
            [33md[31m=[32m"M9.88 9.88a3 3 0 1 0 4.24 4.24"[31m
          [36m/>[31m
          [36m<path[31m
            [33md[31m=[32m"M10.73 5.08A10.43 10.43 0 0 1 12 5c7 0 10 7 10 7a13.16 13.16 0 0 1-1.67 2.68"[31m
          [36m/>[31m
          [36m<path[31m
            [33md[31m=[32m"M6.61 6.61A13.526 13.526 0 0 0 2 12s3 7 10 7a9.74 9.74 0 0 0 5.39-1.61"[31m
          [36m/>[31m
          [36m<line[31m
            [33mx1[31m=[32m"2"[31m
            [33mx2[31m=[32m"22"[31m
            [33my1[31m=[32m"2"[31m
            [33my2[31m=[32m"22"[31m
          [36m/>[31m
        [36m</svg>[31m
        [36m<div[31m
          [33mclass[31m=[32m"flex flex-col items-start"[31m
        [36m>[31m
          [36m<span[31m
            [33mclass[31m=[32m""[31m
          [36m>[31m
            [0mSimple Language[0m
          [36m</span>[31m
          [36m<span[31m
            [33mclass[31m=[32m"text-[10px] text-gray-500"[31m
          [36m>[31m
            [0mEasier words for everyone[0m
          [36m</span>[31m
        [36m</div>[31m
      [36m</div>[31m
      [36m<div[31m
        [33mclass[31m=[32m"relative inline-flex h-5 w-9 items-center rounded-full transition-colors bg-civic-elevated"[31m
      [36m>[31m
        [36m<span[31m
          [33mclass[31m=[32m"inline-block h-3.5 w-3.5 transform rounded-full bg-white transition-transform translate-x-1"[31m
        [36m/>[31m
      [36m</div>[31m
    [36m</button>[31m
  [36m</div>[31m
[36m</body>[31m[39m
[31m   [33mΓ¥»[31m src/__tests__/PlainLanguageToggle.test.tsx[2m > [22mPlainLanguageToggle[2m > [22mshows ON state when plain language is active[39m
[31m     ΓåÆ Unable to find an element with the text: /on/i. This could be because the text is broken up by multiple elements. In this case, you can provide a function for your text matcher to make your matcher more flexible.

Ignored nodes: comments, script, style
[36m<body>[31m
  [36m<div>[31m
    [36m<button[31m
      [33maria-label[31m=[32m"Toggle plain language mode"[31m
      [33maria-pressed[31m=[32m"true"[31m
      [33mclass[31m=[32m"w-full flex items-center justify-between min-h-[44px] rounded-lg transition-colors focus:outline-none focus:ring-2 focus:ring-civic-accent p-2 -ml-2 hover:bg-civic-elevated group"[31m
      [33mrole[31m=[32m"switch"[31m
    [36m>[31m
      [36m<div[31m
        [33mclass[31m=[32m"flex items-center space-x-3 text-sm text-gray-400 group-hover:text-white transition-colors"[31m
      [36m>[31m
        [36m<svg[31m
          [33mclass[31m=[32m"lucide lucide-eye w-5 h-5 text-saffron"[31m
          [33mfill[31m=[32m"none"[31m
          [33mheight[31m=[32m"24"[31m
          [33mstroke[31m=[32m"currentColor"[31m
          [33mstroke-linecap[31m=[32m"round"[31m
          [33mstroke-linejoin[31m=[32m"round"[31m
          [33mstroke-width[31m=[32m"2"[31m
          [33mviewBox[31m=[32m"0 0 24 24"[31m
          [33mwidth[31m=[32m"24"[31m
          [33mxmlns[31m=[32m"http://www.w3.org/2000/svg"[31m
        [36m>[31m
          [36m<path[31m
            [33md[31m=[32m"M2 12s3-7 10-7 10 7 10 7-3 7-10 7-10-7-10-7Z"[31m
          [36m/>[31m
          [36m<circle[31m
            [33mcx[31m=[32m"12"[31m
            [33mcy[31m=[32m"12"[31m
            [33mr[31m=[32m"3"[31m
          [36m/>[31m
        [36m</svg>[31m
        [36m<div[31m
          [33mclass[31m=[32m"flex flex-col items-start"[31m
        [36m>[31m
          [36m<span[31m
            [33mclass[31m=[32m"text-white font-medium"[31m
          [36m>[31m
            [0mSimple Language[0m
          [36m</span>[31m
          [36m<span[31m
            [33mclass[31m=[32m"text-[10px] text-gray-500"[31m
          [36m>[31m
            [0mΓ£ô Active ΓÇö easy words mode[0m
          [36m</span>[31m
        [36m</div>[31m
      [36m</div>[31m
      [36m<div[31m
        [33mclass[31m=[32m"relative inline-flex h-5 w-9 items-center rounded-full transition-colors bg-saffron"[31m
      [36m>[31m
        [36m<span[31m
          [33mclass[31m=[32m"inline-block h-3.5 w-3.5 transform rounded-full bg-white transition-transform translate-x-4"[31m
        [36m/>[31m
      [36m</div>[31m
    [36m</button>[31m
  [36m</div>[31m
[36m</body>[31m[39m
 [33mΓ¥»[39m src/__tests__/GuidedFlow.test.tsx [2m ([22m[2m4 tests[22m [2m|[22m [31m1 failed[39m[2m)[22m[33m 1155[2mms[22m[39m
[31m   [33mΓ¥»[31m src/__tests__/GuidedFlow.test.tsx[2m > [22mGuidedFlow[2m > [22mnext button advances to step 2[39m
[31m     ΓåÆ Unable to find an element with the text: /next/i. This could be because the text is broken up by multiple elements. In this case, you can provide a function for your text matcher to make your matcher more flexible.

Ignored nodes: comments, script, style
[36m<body>[31m
  [36m<div>[31m
    [36m<div[31m
      [33mclass[31m=[32m"flex-1 flex flex-col bg-civic-navy overflow-y-auto"[31m
    [36m>[31m
      [36m<div[31m
        [33mclass[31m=[32m"sticky top-0 z-10 bg-civic-navy/90 backdrop-blur border-b border-civic-border p-4"[31m
      [36m>[31m
        [36m<div[31m
          [33mclass[31m=[32m"max-w-2xl mx-auto"[31m
        [36m>[31m
          [36m<div[31m
            [33mclass[31m=[32m"flex justify-between items-center mb-2"[31m
          [36m>[31m
            [36m<span[31m
              [33mclass[31m=[32m"text-xs font-semibold text-gray-400 uppercase tracking-wider"[31m
            [36m>[31m
              [0mFirst Time Voter Guide[0m
            [36m</span>[31m
            [36m<span[31m
              [33mclass[31m=[32m"text-xs font-bold text-civic-accent"[31m
            [36m>[31m
              [0mStep [0m
              [0m1[0m
              [0m of [0m
              [0m5[0m
            [36m</span>[31m
          [36m</div>[31m
          [36m<div[31m
            [33mclass[31m=[32m"h-1.5 w-full bg-civic-card rounded-full overflow-hidden"[31m
          [36m>[31m
            [36m<div[31m
              [33maria-label[31m=[32m"Flow progress"[31m
              [33maria-valuemax[31m=[32m"100"[31m
              [33maria-valuemin[31m=[32m"0"[31m
              [33maria-valuenow[31m=[32m"0"[31m
              [33mclass[31m=[32m"h-full transition-all duration-500 ease-out bg-civic-accent"[31m
              [33mrole[31m=[32m"progressbar"[31m
              [33mstyle[31m=[32m"width: 0%;"[31m
            [36m/>[31m
          [36m</div>[31m
        [36m</div>[31m
      [36m</div>[31m
      [36m<div[31m
        [33mclass[31m=[32m"flex-1 p-4 md:p-8 flex flex-col items-center"[31m
      [36m>[31m
        [36m<div[31m
          [33mclass[31m=[32m"max-w-2xl w-full"[31m
          [33mstyle[31m=[32m"opacity: 0; transform: translateX(20px);"[31m
        [36m>[31m
          [36m<div[31m
            [33mclass[31m=[32m"bg-civic-card rounded-2xl p-6 md:p-10 shadow-xl border border-civic-border"[31m
          [36m>[31m
            [36m<div[31m
              [33mclass[31m=[32m"flex items-center justify-between mb-8"[31m
            [36m>[31m
              [36m<div[31m
                [33mclass[31m=[32m"p-4 bg-civic-navy rounded-full border border-civic-border inline-block"[31m
              [36m>[31m
                [36m<svg[31m
                  [33mclass[31m=[32m"lucide lucide-check w-12 h-12 text-saffron"[31m
                  [33mfill[31m=[32m"none"[31m
                  [33mheight[31m=[32m"24"[31m
                  [33mstroke[31m=[32m"currentColor"[31m
                  [33mstroke-linecap[31m=[32m"round"[31m
                  [33mstroke-linejoin[31m=[32m"round"[31m
                  [33mstroke-width[31m=[32m"2"[31m
                  [33mviewBox[31m=[32m"0 0 24 24"[31m
                  [33mwidth[31m=[32m"24"[31m
                  [33mxmlns[31m=[32m"http://www.w3.org/2000/svg"[31m
                [36m>[31m
                  [36m<path[31m
                    [33md[31m=[32m"M20 6 9 17l-5-5"[31m
                  [36m/>[31m
                [36m</svg>[31m
              [36m</div>[31m
              [36m<span[31m
                [33mclass[31m=[32m"px-3 py-1 bg-civic-elevated text-saffron text-xs font-bold rounded-full border border-civic-border"[31m
              [36m>[31m
                [0mSTEP [0m
                [0m1[0m
              [36m</span>[31m
            [36m</div>[31m
            [36m<h2[31m
              [33mclass[31m=[32m"text-2xl md:text-3xl font-bold text-white mb-4 leading-tight"[31m
            [36m>[31m
              [0mAre you on the voter list?[0m
            [36m</h2>[31m
            [36m<p[31m
              [33mclass[31m=[32m"text-gray-400 text-lg leading-relaxed"[31m
            [36m>[31m
              [0mBefore you can vote, your name must be on the electoral roll in your constituency.[0m
            [36m</p>[31m
            [36m<div[31m
              [33mclass[31m=[32m"bg-civic-elevated p-4 rounded-lg mt-6 border border-civic-border"[31m
            [36m>[31m
              [36m<h4[31m
                [33mclass[31m=[32m"text-white font-medium mb-2"[31m
              [36m>[31m
                [0mCheck online at voterportal.eci.gov.in[0m
              [36m</h4>[31m
              [36m<ul[31m
                [33mclass[31m=[32m"text-sm text-gray-300 space-y-2 list-disc list-inside"[31m
              [36m>[31m
                [36m<li>[31m
                  [0mEnter your name + date of birth OR your EPIC number[0m
                [36m</li>[31m
                [36m<li>[31m
                  [0mYour name should appear with your polling booth[0m
                [36m</li>[31m
              [36m</ul>[31m
            [36m</div>[31m
            [36m<div[31m
              [33mclass[31m=[32m"mt-10 flex flex-col sm:flex-row gap-4 items-center justify-end"[31m
            [36m>[31m
              [36m<button[31m
                [33mclass[31m=[32m"w-full sm:w-auto px-8 py-3 min-h-[44px] bg-civic-accent hover:bg-civic-accent-light text-white font-bold rounded-lg shadow-lg transition-all active:scale-95 focus:outline-none focus:ring-2 focus:ring-offset-2 focus:ring-offset-civic-card focus:ring-civic-accent order-1 sm:order-2"[31m
              [36m>[31m
                [0mI've checked my registration ΓåÆ[0m
              [36m</button>[31m
            [36m</div>[31m
          [36m</div>[31m
        [36m</div>[31m
      [36m</div>[31m
    [36m</div>[31m
  [36m</div>[31m
[36m</body>[31m[39m

[2m Test Files [22m [1m[31m4 failed[39m[22m[2m | [22m[1m[32m6 passed[39m[22m[90m (10)[39m
[2m      Tests [22m [1m[31m7 failed[39m[22m[2m | [22m[1m[32m32 passed[39m[22m[90m (39)[39m
[2m   Start at [22m 12:08:24
[2m   Duration [22m 39.20s[2m (transform 4.83s, setup 28.73s, collect 50.09s, tests 16.92s, environment 231.36s, prepare 6.28s)[22m

