node.exe : PASS src/__tests__/prompt.service.test.ts
At C:\Program Files\nodejs\npx.ps1:29 char:3
+   & $NODE_EXE $NPX_CLI_JS $args
+   ~~~~~~~~~~~~~~~~~~~~~~~~~~~~~
    + CategoryInfo          : NotSpecified: (PASS src/__test...service.test.ts:String) [], RemoteException
    + FullyQualifiedErrorId : NativeCommandError
 
  ΓùÅ Console

    console.warn
      Failed to load election data for india Error: ENOENT: no such file or directory, open 'C:\Users\Sriesa\election 
education system\backend\data\elections\india_2024.json'
          at open (node:internal/fs/promises:633:25)
          at Object.readFile (node:internal/fs/promises:1237:14)
          at loadElectionData (C:\Users\Sriesa\election education system\backend\src\data\loader.ts:12:18)
          at buildSystemPrompt (C:\Users\Sriesa\election education 
system\backend\src\services\prompt.service.ts:148:24)
          at Object.<anonymous> (C:\Users\Sriesa\election education 
system\backend\src\__tests__\prompt.service.test.ts:11:22) {
        errno: -4058,
        code: 'ENOENT',
        syscall: 'open',
        path: 'C:\\Users\\Sriesa\\election education system\\backend\\data\\elections\\india_2024.json'
      }

    [0m [90m 13 |[39m     [36mreturn[39m [33mJSON[39m[33m.[39mparse(data)
     [90m 14 |[39m   } [36mcatch[39m (error) {
    [31m[1m>[22m[39m[90m 15 |[39m     console[33m.[39mwarn([32m`Failed to load election data for 
${country}`[39m[33m,[39m error)
     [90m    |[39m             [31m[1m^[22m[39m
     [90m 16 |[39m     [36mreturn[39m {}
     [90m 17 |[39m   }
     [90m 18 |[39m }[0m

      at loadElectionData (src/data/loader.ts:15:13)
      at buildSystemPrompt (src/services/prompt.service.ts:148:24)
      at Object.<anonymous> (src/__tests__/prompt.service.test.ts:11:22)

    console.warn
      Failed to load myth registry for india Error: ENOENT: no such file or directory, open 'C:\Users\Sriesa\election 
education system\backend\data\myths\india_myths.json'
          at open (node:internal/fs/promises:633:25)
          at Object.readFile (node:internal/fs/promises:1237:14)
          at loadMythRegistry (C:\Users\Sriesa\election education system\backend\src\data\loader.ts:28:18)
          at buildSystemPrompt (C:\Users\Sriesa\election education 
system\backend\src\services\prompt.service.ts:149:17)
          at Object.<anonymous> (C:\Users\Sriesa\election education 
system\backend\src\__tests__\prompt.service.test.ts:11:22) {
        errno: -4058,
        code: 'ENOENT',
        syscall: 'open',
        path: 'C:\\Users\\Sriesa\\election education system\\backend\\data\\myths\\india_myths.json'
      }

    [0m [90m 30 |[39m     [36mreturn[39m parsed[33m.[39mmyths [33m||[39m []
     [90m 31 |[39m   } [36mcatch[39m (error) {
    [31m[1m>[22m[39m[90m 32 |[39m     console[33m.[39mwarn([32m`Failed to load myth registry for 
${country}`[39m[33m,[39m error)
     [90m    |[39m             [31m[1m^[22m[39m
     [90m 33 |[39m     [36mreturn[39m []
     [90m 34 |[39m   }
     [90m 35 |[39m }[0m

      at loadMythRegistry (src/data/loader.ts:32:13)
      at buildSystemPrompt (src/services/prompt.service.ts:149:17)
      at Object.<anonymous> (src/__tests__/prompt.service.test.ts:11:22)

    console.warn
      Failed to load election data for india Error: ENOENT: no such file or directory, open 'C:\Users\Sriesa\election 
education system\backend\data\elections\india_2024.json'
          at open (node:internal/fs/promises:633:25)
          at Object.readFile (node:internal/fs/promises:1237:14)
          at loadElectionData (C:\Users\Sriesa\election education system\backend\src\data\loader.ts:12:18)
          at buildSystemPrompt (C:\Users\Sriesa\election education 
system\backend\src\services\prompt.service.ts:148:24)
          at Object.<anonymous> (C:\Users\Sriesa\election education 
system\backend\src\__tests__\prompt.service.test.ts:22:22) {
        errno: -4058,
        code: 'ENOENT',
        syscall: 'open',
        path: 'C:\\Users\\Sriesa\\election education system\\backend\\data\\elections\\india_2024.json'
      }

    [0m [90m 13 |[39m     [36mreturn[39m [33mJSON[39m[33m.[39mparse(data)
     [90m 14 |[39m   } [36mcatch[39m (error) {
    [31m[1m>[22m[39m[90m 15 |[39m     console[33m.[39mwarn([32m`Failed to load election data for 
${country}`[39m[33m,[39m error)
     [90m    |[39m             [31m[1m^[22m[39m
     [90m 16 |[39m     [36mreturn[39m {}
     [90m 17 |[39m   }
     [90m 18 |[39m }[0m

      at loadElectionData (src/data/loader.ts:15:13)
      at buildSystemPrompt (src/services/prompt.service.ts:148:24)
      at Object.<anonymous> (src/__tests__/prompt.service.test.ts:22:22)

    console.warn
      Failed to load myth registry for india Error: ENOENT: no such file or directory, open 'C:\Users\Sriesa\election 
education system\backend\data\myths\india_myths.json'
          at open (node:internal/fs/promises:633:25)
          at Object.readFile (node:internal/fs/promises:1237:14)
          at loadMythRegistry (C:\Users\Sriesa\election education system\backend\src\data\loader.ts:28:18)
          at buildSystemPrompt (C:\Users\Sriesa\election education 
system\backend\src\services\prompt.service.ts:149:17)
          at Object.<anonymous> (C:\Users\Sriesa\election education 
system\backend\src\__tests__\prompt.service.test.ts:22:22) {
        errno: -4058,
        code: 'ENOENT',
        syscall: 'open',
        path: 'C:\\Users\\Sriesa\\election education system\\backend\\data\\myths\\india_myths.json'
      }

    [0m [90m 30 |[39m     [36mreturn[39m parsed[33m.[39mmyths [33m||[39m []
     [90m 31 |[39m   } [36mcatch[39m (error) {
    [31m[1m>[22m[39m[90m 32 |[39m     console[33m.[39mwarn([32m`Failed to load myth registry for 
${country}`[39m[33m,[39m error)
     [90m    |[39m             [31m[1m^[22m[39m
     [90m 33 |[39m     [36mreturn[39m []
     [90m 34 |[39m   }
     [90m 35 |[39m }[0m

      at loadMythRegistry (src/data/loader.ts:32:13)
      at buildSystemPrompt (src/services/prompt.service.ts:149:17)
      at Object.<anonymous> (src/__tests__/prompt.service.test.ts:22:22)

    console.warn
      Failed to load election data for india Error: ENOENT: no such file or directory, open 'C:\Users\Sriesa\election 
education system\backend\data\elections\india_2024.json'
          at open (node:internal/fs/promises:633:25)
          at Object.readFile (node:internal/fs/promises:1237:14)
          at loadElectionData (C:\Users\Sriesa\election education system\backend\src\data\loader.ts:12:18)
          at buildSystemPrompt (C:\Users\Sriesa\election education 
system\backend\src\services\prompt.service.ts:148:24)
          at Object.<anonymous> (C:\Users\Sriesa\election education 
system\backend\src\__tests__\prompt.service.test.ts:34:22) {
        errno: -4058,
        code: 'ENOENT',
        syscall: 'open',
        path: 'C:\\Users\\Sriesa\\election education system\\backend\\data\\elections\\india_2024.json'
      }

    [0m [90m 13 |[39m     [36mreturn[39m [33mJSON[39m[33m.[39mparse(data)
     [90m 14 |[39m   } [36mcatch[39m (error) {
    [31m[1m>[22m[39m[90m 15 |[39m     console[33m.[39mwarn([32m`Failed to load election data for 
${country}`[39m[33m,[39m error)
     [90m    |[39m             [31m[1m^[22m[39m
     [90m 16 |[39m     [36mreturn[39m {}
     [90m 17 |[39m   }
     [90m 18 |[39m }[0m

      at loadElectionData (src/data/loader.ts:15:13)
      at buildSystemPrompt (src/services/prompt.service.ts:148:24)
      at Object.<anonymous> (src/__tests__/prompt.service.test.ts:34:22)

    console.warn
      Failed to load myth registry for india Error: ENOENT: no such file or directory, open 'C:\Users\Sriesa\election 
education system\backend\data\myths\india_myths.json'
          at open (node:internal/fs/promises:633:25)
          at Object.readFile (node:internal/fs/promises:1237:14)
          at loadMythRegistry (C:\Users\Sriesa\election education system\backend\src\data\loader.ts:28:18)
          at buildSystemPrompt (C:\Users\Sriesa\election education 
system\backend\src\services\prompt.service.ts:149:17)
          at Object.<anonymous> (C:\Users\Sriesa\election education 
system\backend\src\__tests__\prompt.service.test.ts:34:22) {
        errno: -4058,
        code: 'ENOENT',
        syscall: 'open',
        path: 'C:\\Users\\Sriesa\\election education system\\backend\\data\\myths\\india_myths.json'
      }

    [0m [90m 30 |[39m     [36mreturn[39m parsed[33m.[39mmyths [33m||[39m []
     [90m 31 |[39m   } [36mcatch[39m (error) {
    [31m[1m>[22m[39m[90m 32 |[39m     console[33m.[39mwarn([32m`Failed to load myth registry for 
${country}`[39m[33m,[39m error)
     [90m    |[39m             [31m[1m^[22m[39m
     [90m 33 |[39m     [36mreturn[39m []
     [90m 34 |[39m   }
     [90m 35 |[39m }[0m

      at loadMythRegistry (src/data/loader.ts:32:13)
      at buildSystemPrompt (src/services/prompt.service.ts:149:17)
      at Object.<anonymous> (src/__tests__/prompt.service.test.ts:34:22)

    console.warn
      Failed to load election data for india Error: ENOENT: no such file or directory, open 'C:\Users\Sriesa\election 
education system\backend\data\elections\india_2024.json'
          at open (node:internal/fs/promises:633:25)
          at Object.readFile (node:internal/fs/promises:1237:14)
          at loadElectionData (C:\Users\Sriesa\election education system\backend\src\data\loader.ts:12:18)
          at buildSystemPrompt (C:\Users\Sriesa\election education 
system\backend\src\services\prompt.service.ts:148:24)
          at Object.<anonymous> (C:\Users\Sriesa\election education 
system\backend\src\__tests__\prompt.service.test.ts:44:22) {
        errno: -4058,
        code: 'ENOENT',
        syscall: 'open',
        path: 'C:\\Users\\Sriesa\\election education system\\backend\\data\\elections\\india_2024.json'
      }

    [0m [90m 13 |[39m     [36mreturn[39m [33mJSON[39m[33m.[39mparse(data)
     [90m 14 |[39m   } [36mcatch[39m (error) {
    [31m[1m>[22m[39m[90m 15 |[39m     console[33m.[39mwarn([32m`Failed to load election data for 
${country}`[39m[33m,[39m error)
     [90m    |[39m             [31m[1m^[22m[39m
     [90m 16 |[39m     [36mreturn[39m {}
     [90m 17 |[39m   }
     [90m 18 |[39m }[0m

      at loadElectionData (src/data/loader.ts:15:13)
      at buildSystemPrompt (src/services/prompt.service.ts:148:24)
      at Object.<anonymous> (src/__tests__/prompt.service.test.ts:44:22)

    console.warn
      Failed to load myth registry for india Error: ENOENT: no such file or directory, open 'C:\Users\Sriesa\election 
education system\backend\data\myths\india_myths.json'
          at open (node:internal/fs/promises:633:25)
          at Object.readFile (node:internal/fs/promises:1237:14)
          at loadMythRegistry (C:\Users\Sriesa\election education system\backend\src\data\loader.ts:28:18)
          at buildSystemPrompt (C:\Users\Sriesa\election education 
system\backend\src\services\prompt.service.ts:149:17)
          at Object.<anonymous> (C:\Users\Sriesa\election education 
system\backend\src\__tests__\prompt.service.test.ts:44:22) {
        errno: -4058,
        code: 'ENOENT',
        syscall: 'open',
        path: 'C:\\Users\\Sriesa\\election education system\\backend\\data\\myths\\india_myths.json'
      }

    [0m [90m 30 |[39m     [36mreturn[39m parsed[33m.[39mmyths [33m||[39m []
     [90m 31 |[39m   } [36mcatch[39m (error) {
    [31m[1m>[22m[39m[90m 32 |[39m     console[33m.[39mwarn([32m`Failed to load myth registry for 
${country}`[39m[33m,[39m error)
     [90m    |[39m             [31m[1m^[22m[39m
     [90m 33 |[39m     [36mreturn[39m []
     [90m 34 |[39m   }
     [90m 35 |[39m }[0m

      at loadMythRegistry (src/data/loader.ts:32:13)
      at buildSystemPrompt (src/services/prompt.service.ts:149:17)
      at Object.<anonymous> (src/__tests__/prompt.service.test.ts:44:22)

    console.warn
      Failed to load election data for india Error: ENOENT: no such file or directory, open 'C:\Users\Sriesa\election 
education system\backend\data\elections\india_2024.json'
          at open (node:internal/fs/promises:633:25)
          at Object.readFile (node:internal/fs/promises:1237:14)
          at loadElectionData (C:\Users\Sriesa\election education system\backend\src\data\loader.ts:12:18)
          at buildSystemPrompt (C:\Users\Sriesa\election education 
system\backend\src\services\prompt.service.ts:148:24)
          at Object.<anonymous> (C:\Users\Sriesa\election education 
system\backend\src\__tests__\prompt.service.test.ts:53:22) {
        errno: -4058,
        code: 'ENOENT',
        syscall: 'open',
        path: 'C:\\Users\\Sriesa\\election education system\\backend\\data\\elections\\india_2024.json'
      }

    [0m [90m 13 |[39m     [36mreturn[39m [33mJSON[39m[33m.[39mparse(data)
     [90m 14 |[39m   } [36mcatch[39m (error) {
    [31m[1m>[22m[39m[90m 15 |[39m     console[33m.[39mwarn([32m`Failed to load election data for 
${country}`[39m[33m,[39m error)
     [90m    |[39m             [31m[1m^[22m[39m
     [90m 16 |[39m     [36mreturn[39m {}
     [90m 17 |[39m   }
     [90m 18 |[39m }[0m

      at loadElectionData (src/data/loader.ts:15:13)
      at buildSystemPrompt (src/services/prompt.service.ts:148:24)
      at Object.<anonymous> (src/__tests__/prompt.service.test.ts:53:22)

    console.warn
      Failed to load myth registry for india Error: ENOENT: no such file or directory, open 'C:\Users\Sriesa\election 
education system\backend\data\myths\india_myths.json'
          at open (node:internal/fs/promises:633:25)
          at Object.readFile (node:internal/fs/promises:1237:14)
          at loadMythRegistry (C:\Users\Sriesa\election education system\backend\src\data\loader.ts:28:18)
          at buildSystemPrompt (C:\Users\Sriesa\election education 
system\backend\src\services\prompt.service.ts:149:17)
          at Object.<anonymous> (C:\Users\Sriesa\election education 
system\backend\src\__tests__\prompt.service.test.ts:53:22) {
        errno: -4058,
        code: 'ENOENT',
        syscall: 'open',
        path: 'C:\\Users\\Sriesa\\election education system\\backend\\data\\myths\\india_myths.json'
      }

    [0m [90m 30 |[39m     [36mreturn[39m parsed[33m.[39mmyths [33m||[39m []
     [90m 31 |[39m   } [36mcatch[39m (error) {
    [31m[1m>[22m[39m[90m 32 |[39m     console[33m.[39mwarn([32m`Failed to load myth registry for 
${country}`[39m[33m,[39m error)
     [90m    |[39m             [31m[1m^[22m[39m
     [90m 33 |[39m     [36mreturn[39m []
     [90m 34 |[39m   }
     [90m 35 |[39m }[0m

      at loadMythRegistry (src/data/loader.ts:32:13)
      at buildSystemPrompt (src/services/prompt.service.ts:149:17)
      at Object.<anonymous> (src/__tests__/prompt.service.test.ts:53:22)

    console.warn
      Failed to load election data for usa Error: ENOENT: no such file or directory, open 'C:\Users\Sriesa\election 
education system\backend\data\elections\usa_2024.json'
          at open (node:internal/fs/promises:633:25)
          at Object.readFile (node:internal/fs/promises:1237:14)
          at loadElectionData (C:\Users\Sriesa\election education system\backend\src\data\loader.ts:12:18)
          at buildSystemPrompt (C:\Users\Sriesa\election education 
system\backend\src\services\prompt.service.ts:148:24)
          at Object.<anonymous> (C:\Users\Sriesa\election education 
system\backend\src\__tests__\prompt.service.test.ts:63:22) {
        errno: -4058,
        code: 'ENOENT',
        syscall: 'open',
        path: 'C:\\Users\\Sriesa\\election education system\\backend\\data\\elections\\usa_2024.json'
      }

    [0m [90m 13 |[39m     [36mreturn[39m [33mJSON[39m[33m.[39mparse(data)
     [90m 14 |[39m   } [36mcatch[39m (error) {
    [31m[1m>[22m[39m[90m 15 |[39m     console[33m.[39mwarn([32m`Failed to load election data for 
${country}`[39m[33m,[39m error)
     [90m    |[39m             [31m[1m^[22m[39m
     [90m 16 |[39m     [36mreturn[39m {}
     [90m 17 |[39m   }
     [90m 18 |[39m }[0m

      at loadElectionData (src/data/loader.ts:15:13)
      at buildSystemPrompt (src/services/prompt.service.ts:148:24)
      at Object.<anonymous> (src/__tests__/prompt.service.test.ts:63:22)

    console.warn
      Failed to load myth registry for usa Error: ENOENT: no such file or directory, open 'C:\Users\Sriesa\election 
education system\backend\data\myths\usa_myths.json'
          at open (node:internal/fs/promises:633:25)
          at Object.readFile (node:internal/fs/promises:1237:14)
          at loadMythRegistry (C:\Users\Sriesa\election education system\backend\src\data\loader.ts:28:18)
          at buildSystemPrompt (C:\Users\Sriesa\election education 
system\backend\src\services\prompt.service.ts:149:17)
          at Object.<anonymous> (C:\Users\Sriesa\election education 
system\backend\src\__tests__\prompt.service.test.ts:63:22) {
        errno: -4058,
        code: 'ENOENT',
        syscall: 'open',
        path: 'C:\\Users\\Sriesa\\election education system\\backend\\data\\myths\\usa_myths.json'
      }

    [0m [90m 30 |[39m     [36mreturn[39m parsed[33m.[39mmyths [33m||[39m []
     [90m 31 |[39m   } [36mcatch[39m (error) {
    [31m[1m>[22m[39m[90m 32 |[39m     console[33m.[39mwarn([32m`Failed to load myth registry for 
${country}`[39m[33m,[39m error)
     [90m    |[39m             [31m[1m^[22m[39m
     [90m 33 |[39m     [36mreturn[39m []
     [90m 34 |[39m   }
     [90m 35 |[39m }[0m

      at loadMythRegistry (src/data/loader.ts:32:13)
      at buildSystemPrompt (src/services/prompt.service.ts:149:17)
      at Object.<anonymous> (src/__tests__/prompt.service.test.ts:63:22)

    console.warn
      Failed to load election data for india Error: ENOENT: no such file or directory, open 'C:\Users\Sriesa\election 
education system\backend\data\elections\india_2024.json'
          at open (node:internal/fs/promises:633:25)
          at Object.readFile (node:internal/fs/promises:1237:14)
          at loadElectionData (C:\Users\Sriesa\election education system\backend\src\data\loader.ts:12:18)
          at buildSystemPrompt (C:\Users\Sriesa\election education 
system\backend\src\services\prompt.service.ts:148:24)
          at Object.<anonymous> (C:\Users\Sriesa\election education 
system\backend\src\__tests__\prompt.service.test.ts:72:22) {
        errno: -4058,
        code: 'ENOENT',
        syscall: 'open',
        path: 'C:\\Users\\Sriesa\\election education system\\backend\\data\\elections\\india_2024.json'
      }

    [0m [90m 13 |[39m     [36mreturn[39m [33mJSON[39m[33m.[39mparse(data)
     [90m 14 |[39m   } [36mcatch[39m (error) {
    [31m[1m>[22m[39m[90m 15 |[39m     console[33m.[39mwarn([32m`Failed to load election data for 
${country}`[39m[33m,[39m error)
     [90m    |[39m             [31m[1m^[22m[39m
     [90m 16 |[39m     [36mreturn[39m {}
     [90m 17 |[39m   }
     [90m 18 |[39m }[0m

      at loadElectionData (src/data/loader.ts:15:13)
      at buildSystemPrompt (src/services/prompt.service.ts:148:24)
      at Object.<anonymous> (src/__tests__/prompt.service.test.ts:72:22)

    console.warn
      Failed to load myth registry for india Error: ENOENT: no such file or directory, open 'C:\Users\Sriesa\election 
education system\backend\data\myths\india_myths.json'
          at open (node:internal/fs/promises:633:25)
          at Object.readFile (node:internal/fs/promises:1237:14)
          at loadMythRegistry (C:\Users\Sriesa\election education system\backend\src\data\loader.ts:28:18)
          at buildSystemPrompt (C:\Users\Sriesa\election education 
system\backend\src\services\prompt.service.ts:149:17)
          at Object.<anonymous> (C:\Users\Sriesa\election education 
system\backend\src\__tests__\prompt.service.test.ts:72:22) {
        errno: -4058,
        code: 'ENOENT',
        syscall: 'open',
        path: 'C:\\Users\\Sriesa\\election education system\\backend\\data\\myths\\india_myths.json'
      }

    [0m [90m 30 |[39m     [36mreturn[39m parsed[33m.[39mmyths [33m||[39m []
     [90m 31 |[39m   } [36mcatch[39m (error) {
    [31m[1m>[22m[39m[90m 32 |[39m     console[33m.[39mwarn([32m`Failed to load myth registry for 
${country}`[39m[33m,[39m error)
     [90m    |[39m             [31m[1m^[22m[39m
     [90m 33 |[39m     [36mreturn[39m []
     [90m 34 |[39m   }
     [90m 35 |[39m }[0m

      at loadMythRegistry (src/data/loader.ts:32:13)
      at buildSystemPrompt (src/services/prompt.service.ts:149:17)
      at Object.<anonymous> (src/__tests__/prompt.service.test.ts:72:22)

    console.warn
      Failed to load election data for india Error: ENOENT: no such file or directory, open 'C:\Users\Sriesa\election 
education system\backend\data\elections\india_2024.json'
          at open (node:internal/fs/promises:633:25)
          at Object.readFile (node:internal/fs/promises:1237:14)
          at loadElectionData (C:\Users\Sriesa\election education system\backend\src\data\loader.ts:12:18)
          at buildSystemPrompt (C:\Users\Sriesa\election education 
system\backend\src\services\prompt.service.ts:148:24) {
        errno: -4058,
        code: 'ENOENT',
        syscall: 'open',
        path: 'C:\\Users\\Sriesa\\election education system\\backend\\data\\elections\\india_2024.json'
      }

    [0m [90m 13 |[39m     [36mreturn[39m [33mJSON[39m[33m.[39mparse(data)
     [90m 14 |[39m   } [36mcatch[39m (error) {
    [31m[1m>[22m[39m[90m 15 |[39m     console[33m.[39mwarn([32m`Failed to load election data for 
${country}`[39m[33m,[39m error)
     [90m    |[39m             [31m[1m^[22m[39m
     [90m 16 |[39m     [36mreturn[39m {}
     [90m 17 |[39m   }
     [90m 18 |[39m }[0m

      at loadElectionData (src/data/loader.ts:15:13)
      at buildSystemPrompt (src/services/prompt.service.ts:148:24)

    console.warn
      Failed to load myth registry for india Error: ENOENT: no such file or directory, open 'C:\Users\Sriesa\election 
education system\backend\data\myths\india_myths.json'
          at open (node:internal/fs/promises:633:25)
          at Object.readFile (node:internal/fs/promises:1237:14)
          at loadMythRegistry (C:\Users\Sriesa\election education system\backend\src\data\loader.ts:28:18)
          at buildSystemPrompt (C:\Users\Sriesa\election education 
system\backend\src\services\prompt.service.ts:149:17) {
        errno: -4058,
        code: 'ENOENT',
        syscall: 'open',
        path: 'C:\\Users\\Sriesa\\election education system\\backend\\data\\myths\\india_myths.json'
      }

    [0m [90m 30 |[39m     [36mreturn[39m parsed[33m.[39mmyths [33m||[39m []
     [90m 31 |[39m   } [36mcatch[39m (error) {
    [31m[1m>[22m[39m[90m 32 |[39m     console[33m.[39mwarn([32m`Failed to load myth registry for 
${country}`[39m[33m,[39m error)
     [90m    |[39m             [31m[1m^[22m[39m
     [90m 33 |[39m     [36mreturn[39m []
     [90m 34 |[39m   }
     [90m 35 |[39m }[0m

      at loadMythRegistry (src/data/loader.ts:32:13)
      at buildSystemPrompt (src/services/prompt.service.ts:149:17)

PASS src/__tests__/validate.test.ts
  ΓùÅ Console

    console.error
      {"level":"error","message":"Missing required environment 
variables","missing":["NONEXISTENT_VAR_12345"],"timestamp":"2026-04-24T17:32:27.012Z"}

    [0m [90m 14 |[39m   [36mconst[39m missing [33m=[39m required[33m.[39mfilter(key [33m=>[39m 
[33m![39mprocess[33m.[39menv[key])
     [90m 15 |[39m   [36mif[39m (missing[33m.[39mlength [33m>[39m [35m0[39m) {
    [31m[1m>[22m[39m[90m 16 |[39m     console[33m.[39merror([33mJSON[39m[33m.[39mstringify({
     [90m    |[39m             [31m[1m^[22m[39m
     [90m 17 |[39m       level[33m:[39m [32m'error'[39m[33m,[39m
     [90m 18 |[39m       message[33m:[39m [32m'Missing required environment variables'[39m[33m,[39m
     [90m 19 |[39m       missing[33m,[39m[0m

      at validateEnvironment (src/middleware/validate.ts:16:13)
      at src/__tests__/validate.test.ts:47:39
      at Object.<anonymous> (node_modules/expect/build/toThrowMatchers.js:74:11)
      at Object.throwingMatcher [as toThrow] (node_modules/expect/build/index.js:320:21)
      at Object.<anonymous> (src/__tests__/validate.test.ts:48:10)

PASS src/__tests__/gemini.service.test.ts
  ΓùÅ Console

    console.warn
      Failed to load election data for india Error: ENOENT: no such file or directory, open 'C:\Users\Sriesa\election 
education system\backend\data\elections\india_2024.json'
          at open (node:internal/fs/promises:633:25)
          at Object.readFile (node:internal/fs/promises:1237:14)
          at loadElectionData (C:\Users\Sriesa\election education system\backend\src\data\loader.ts:12:18)
          at buildSystemPrompt (C:\Users\Sriesa\election education 
system\backend\src\services\prompt.service.ts:148:24)
          at chat (C:\Users\Sriesa\election education system\backend\src\services\gemini.service.ts:37:26)
          at Object.<anonymous> (C:\Users\Sriesa\election education 
system\backend\src\__tests__\gemini.service.test.ts:28:22) {
        errno: -4058,
        code: 'ENOENT',
        syscall: 'open',
        path: 'C:\\Users\\Sriesa\\election education system\\backend\\data\\elections\\india_2024.json'
      }

    [0m [90m 13 |[39m     [36mreturn[39m [33mJSON[39m[33m.[39mparse(data)
     [90m 14 |[39m   } [36mcatch[39m (error) {
    [31m[1m>[22m[39m[90m 15 |[39m     console[33m.[39mwarn([32m`Failed to load election data for 
${country}`[39m[33m,[39m error)
     [90m    |[39m             [31m[1m^[22m[39m
     [90m 16 |[39m     [36mreturn[39m {}
     [90m 17 |[39m   }
     [90m 18 |[39m }[0m

      at loadElectionData (src/data/loader.ts:15:13)
      at buildSystemPrompt (src/services/prompt.service.ts:148:24)
      at chat (src/services/gemini.service.ts:37:26)
      at Object.<anonymous> (src/__tests__/gemini.service.test.ts:28:22)

    console.warn
      Failed to load myth registry for india Error: ENOENT: no such file or directory, open 'C:\Users\Sriesa\election 
education system\backend\data\myths\india_myths.json'
          at open (node:internal/fs/promises:633:25)
          at Object.readFile (node:internal/fs/promises:1237:14)
          at loadMythRegistry (C:\Users\Sriesa\election education system\backend\src\data\loader.ts:28:18)
          at buildSystemPrompt (C:\Users\Sriesa\election education 
system\backend\src\services\prompt.service.ts:149:17)
          at chat (C:\Users\Sriesa\election education system\backend\src\services\gemini.service.ts:37:26)
          at Object.<anonymous> (C:\Users\Sriesa\election education 
system\backend\src\__tests__\gemini.service.test.ts:28:22) {
        errno: -4058,
        code: 'ENOENT',
        syscall: 'open',
        path: 'C:\\Users\\Sriesa\\election education system\\backend\\data\\myths\\india_myths.json'
      }

    [0m [90m 30 |[39m     [36mreturn[39m parsed[33m.[39mmyths [33m||[39m []
     [90m 31 |[39m   } [36mcatch[39m (error) {
    [31m[1m>[22m[39m[90m 32 |[39m     console[33m.[39mwarn([32m`Failed to load myth registry for 
${country}`[39m[33m,[39m error)
     [90m    |[39m             [31m[1m^[22m[39m
     [90m 33 |[39m     [36mreturn[39m []
     [90m 34 |[39m   }
     [90m 35 |[39m }[0m

      at loadMythRegistry (src/data/loader.ts:32:13)
      at buildSystemPrompt (src/services/prompt.service.ts:149:17)
      at chat (src/services/gemini.service.ts:37:26)
      at Object.<anonymous> (src/__tests__/gemini.service.test.ts:28:22)

    console.warn
      Failed to load election data for india Error: ENOENT: no such file or directory, open 'C:\Users\Sriesa\election 
education system\backend\data\elections\india_2024.json'
          at open (node:internal/fs/promises:633:25)
          at Object.readFile (node:internal/fs/promises:1237:14)
          at loadElectionData (C:\Users\Sriesa\election education system\backend\src\data\loader.ts:12:18)
          at buildSystemPrompt (C:\Users\Sriesa\election education 
system\backend\src\services\prompt.service.ts:148:24)
          at chat (C:\Users\Sriesa\election education system\backend\src\services\gemini.service.ts:37:26)
          at Object.<anonymous> (C:\Users\Sriesa\election education 
system\backend\src\__tests__\gemini.service.test.ts:40:22) {
        errno: -4058,
        code: 'ENOENT',
        syscall: 'open',
        path: 'C:\\Users\\Sriesa\\election education system\\backend\\data\\elections\\india_2024.json'
      }

    [0m [90m 13 |[39m     [36mreturn[39m [33mJSON[39m[33m.[39mparse(data)
     [90m 14 |[39m   } [36mcatch[39m (error) {
    [31m[1m>[22m[39m[90m 15 |[39m     console[33m.[39mwarn([32m`Failed to load election data for 
${country}`[39m[33m,[39m error)
     [90m    |[39m             [31m[1m^[22m[39m
     [90m 16 |[39m     [36mreturn[39m {}
     [90m 17 |[39m   }
     [90m 18 |[39m }[0m

      at loadElectionData (src/data/loader.ts:15:13)
      at buildSystemPrompt (src/services/prompt.service.ts:148:24)
      at chat (src/services/gemini.service.ts:37:26)
      at Object.<anonymous> (src/__tests__/gemini.service.test.ts:40:22)

    console.warn
      Failed to load myth registry for india Error: ENOENT: no such file or directory, open 'C:\Users\Sriesa\election 
education system\backend\data\myths\india_myths.json'
          at open (node:internal/fs/promises:633:25)
          at Object.readFile (node:internal/fs/promises:1237:14)
          at loadMythRegistry (C:\Users\Sriesa\election education system\backend\src\data\loader.ts:28:18)
          at buildSystemPrompt (C:\Users\Sriesa\election education 
system\backend\src\services\prompt.service.ts:149:17)
          at chat (C:\Users\Sriesa\election education system\backend\src\services\gemini.service.ts:37:26)
          at Object.<anonymous> (C:\Users\Sriesa\election education 
system\backend\src\__tests__\gemini.service.test.ts:40:22) {
        errno: -4058,
        code: 'ENOENT',
        syscall: 'open',
        path: 'C:\\Users\\Sriesa\\election education system\\backend\\data\\myths\\india_myths.json'
      }

    [0m [90m 30 |[39m     [36mreturn[39m parsed[33m.[39mmyths [33m||[39m []
     [90m 31 |[39m   } [36mcatch[39m (error) {
    [31m[1m>[22m[39m[90m 32 |[39m     console[33m.[39mwarn([32m`Failed to load myth registry for 
${country}`[39m[33m,[39m error)
     [90m    |[39m             [31m[1m^[22m[39m
     [90m 33 |[39m     [36mreturn[39m []
     [90m 34 |[39m   }
     [90m 35 |[39m }[0m

      at loadMythRegistry (src/data/loader.ts:32:13)
      at buildSystemPrompt (src/services/prompt.service.ts:149:17)
      at chat (src/services/gemini.service.ts:37:26)
      at Object.<anonymous> (src/__tests__/gemini.service.test.ts:40:22)

    console.warn
      Failed to load election data for india Error: ENOENT: no such file or directory, open 'C:\Users\Sriesa\election 
education system\backend\data\elections\india_2024.json'
          at open (node:internal/fs/promises:633:25)
          at Object.readFile (node:internal/fs/promises:1237:14)
          at loadElectionData (C:\Users\Sriesa\election education system\backend\src\data\loader.ts:12:18)
          at buildSystemPrompt (C:\Users\Sriesa\election education 
system\backend\src\services\prompt.service.ts:148:24)
          at chat (C:\Users\Sriesa\election education system\backend\src\services\gemini.service.ts:37:26)
          at Object.<anonymous> (C:\Users\Sriesa\election education 
system\backend\src\__tests__\gemini.service.test.ts:50:22) {
        errno: -4058,
        code: 'ENOENT',
        syscall: 'open',
        path: 'C:\\Users\\Sriesa\\election education system\\backend\\data\\elections\\india_2024.json'
      }

    [0m [90m 13 |[39m     [36mreturn[39m [33mJSON[39m[33m.[39mparse(data)
     [90m 14 |[39m   } [36mcatch[39m (error) {
    [31m[1m>[22m[39m[90m 15 |[39m     console[33m.[39mwarn([32m`Failed to load election data for 
${country}`[39m[33m,[39m error)
     [90m    |[39m             [31m[1m^[22m[39m
     [90m 16 |[39m     [36mreturn[39m {}
     [90m 17 |[39m   }
     [90m 18 |[39m }[0m

      at loadElectionData (src/data/loader.ts:15:13)
      at buildSystemPrompt (src/services/prompt.service.ts:148:24)
      at chat (src/services/gemini.service.ts:37:26)
      at Object.<anonymous> (src/__tests__/gemini.service.test.ts:50:22)

    console.warn
      Failed to load myth registry for india Error: ENOENT: no such file or directory, open 'C:\Users\Sriesa\election 
education system\backend\data\myths\india_myths.json'
          at open (node:internal/fs/promises:633:25)
          at Object.readFile (node:internal/fs/promises:1237:14)
          at loadMythRegistry (C:\Users\Sriesa\election education system\backend\src\data\loader.ts:28:18)
          at buildSystemPrompt (C:\Users\Sriesa\election education 
system\backend\src\services\prompt.service.ts:149:17)
          at chat (C:\Users\Sriesa\election education system\backend\src\services\gemini.service.ts:37:26)
          at Object.<anonymous> (C:\Users\Sriesa\election education 
system\backend\src\__tests__\gemini.service.test.ts:50:22) {
        errno: -4058,
        code: 'ENOENT',
        syscall: 'open',
        path: 'C:\\Users\\Sriesa\\election education system\\backend\\data\\myths\\india_myths.json'
      }

    [0m [90m 30 |[39m     [36mreturn[39m parsed[33m.[39mmyths [33m||[39m []
     [90m 31 |[39m   } [36mcatch[39m (error) {
    [31m[1m>[22m[39m[90m 32 |[39m     console[33m.[39mwarn([32m`Failed to load myth registry for 
${country}`[39m[33m,[39m error)
     [90m    |[39m             [31m[1m^[22m[39m
     [90m 33 |[39m     [36mreturn[39m []
     [90m 34 |[39m   }
     [90m 35 |[39m }[0m

      at loadMythRegistry (src/data/loader.ts:32:13)
      at buildSystemPrompt (src/services/prompt.service.ts:149:17)
      at chat (src/services/gemini.service.ts:37:26)
      at Object.<anonymous> (src/__tests__/gemini.service.test.ts:50:22)

    console.warn
      Failed to load election data for india Error: ENOENT: no such file or directory, open 'C:\Users\Sriesa\election 
education system\backend\data\elections\india_2024.json'
          at open (node:internal/fs/promises:633:25)
          at Object.readFile (node:internal/fs/promises:1237:14)
          at loadElectionData (C:\Users\Sriesa\election education system\backend\src\data\loader.ts:12:18)
          at buildSystemPrompt (C:\Users\Sriesa\election education 
system\backend\src\services\prompt.service.ts:148:24)
          at chat (C:\Users\Sriesa\election education system\backend\src\services\gemini.service.ts:37:26)
          at Object.<anonymous> (C:\Users\Sriesa\election education 
system\backend\src\__tests__\gemini.service.test.ts:59:22) {
        errno: -4058,
        code: 'ENOENT',
        syscall: 'open',
        path: 'C:\\Users\\Sriesa\\election education system\\backend\\data\\elections\\india_2024.json'
      }

    [0m [90m 13 |[39m     [36mreturn[39m [33mJSON[39m[33m.[39mparse(data)
     [90m 14 |[39m   } [36mcatch[39m (error) {
    [31m[1m>[22m[39m[90m 15 |[39m     console[33m.[39mwarn([32m`Failed to load election data for 
${country}`[39m[33m,[39m error)
     [90m    |[39m             [31m[1m^[22m[39m
     [90m 16 |[39m     [36mreturn[39m {}
     [90m 17 |[39m   }
     [90m 18 |[39m }[0m

      at loadElectionData (src/data/loader.ts:15:13)
      at buildSystemPrompt (src/services/prompt.service.ts:148:24)
      at chat (src/services/gemini.service.ts:37:26)
      at Object.<anonymous> (src/__tests__/gemini.service.test.ts:59:22)

    console.warn
      Failed to load myth registry for india Error: ENOENT: no such file or directory, open 'C:\Users\Sriesa\election 
education system\backend\data\myths\india_myths.json'
          at open (node:internal/fs/promises:633:25)
          at Object.readFile (node:internal/fs/promises:1237:14)
          at loadMythRegistry (C:\Users\Sriesa\election education system\backend\src\data\loader.ts:28:18)
          at buildSystemPrompt (C:\Users\Sriesa\election education 
system\backend\src\services\prompt.service.ts:149:17)
          at chat (C:\Users\Sriesa\election education system\backend\src\services\gemini.service.ts:37:26)
          at Object.<anonymous> (C:\Users\Sriesa\election education 
system\backend\src\__tests__\gemini.service.test.ts:59:22) {
        errno: -4058,
        code: 'ENOENT',
        syscall: 'open',
        path: 'C:\\Users\\Sriesa\\election education system\\backend\\data\\myths\\india_myths.json'
      }

    [0m [90m 30 |[39m     [36mreturn[39m parsed[33m.[39mmyths [33m||[39m []
     [90m 31 |[39m   } [36mcatch[39m (error) {
    [31m[1m>[22m[39m[90m 32 |[39m     console[33m.[39mwarn([32m`Failed to load myth registry for 
${country}`[39m[33m,[39m error)
     [90m    |[39m             [31m[1m^[22m[39m
     [90m 33 |[39m     [36mreturn[39m []
     [90m 34 |[39m   }
     [90m 35 |[39m }[0m

      at loadMythRegistry (src/data/loader.ts:32:13)
      at buildSystemPrompt (src/services/prompt.service.ts:149:17)
      at chat (src/services/gemini.service.ts:37:26)
      at Object.<anonymous> (src/__tests__/gemini.service.test.ts:59:22)

FAIL src/__tests__/loader.test.ts
  ΓùÅ Console

    console.warn
      Failed to load election data for india Error: ENOENT: no such file or directory, open 'C:\Users\Sriesa\election 
education system\backend\data\elections\india_2024.json'
          at open (node:internal/fs/promises:633:25)
          at Object.readFile (node:internal/fs/promises:1237:14)
          at loadElectionData (C:\Users\Sriesa\election education system\backend\src\data\loader.ts:12:18)
          at Object.<anonymous> (C:\Users\Sriesa\election education system\backend\src\__tests__\loader.test.ts:6:20) {
        errno: -4058,
        code: 'ENOENT',
        syscall: 'open',
        path: 'C:\\Users\\Sriesa\\election education system\\backend\\data\\elections\\india_2024.json'
      }

    [0m [90m 13 |[39m     [36mreturn[39m [33mJSON[39m[33m.[39mparse(data)
     [90m 14 |[39m   } [36mcatch[39m (error) {
    [31m[1m>[22m[39m[90m 15 |[39m     console[33m.[39mwarn([32m`Failed to load election data for 
${country}`[39m[33m,[39m error)
     [90m    |[39m             [31m[1m^[22m[39m
     [90m 16 |[39m     [36mreturn[39m {}
     [90m 17 |[39m   }
     [90m 18 |[39m }[0m

      at loadElectionData (src/data/loader.ts:15:13)
      at Object.<anonymous> (src/__tests__/loader.test.ts:6:20)

    console.warn
      Failed to load election data for unknown_country Error: ENOENT: no such file or directory, open 
'C:\Users\Sriesa\election education system\backend\data\elections\unknown_country_2024.json'
          at open (node:internal/fs/promises:633:25)
          at Object.readFile (node:internal/fs/promises:1237:14)
          at loadElectionData (C:\Users\Sriesa\election education system\backend\src\data\loader.ts:12:18)
          at Object.<anonymous> (C:\Users\Sriesa\election education system\backend\src\__tests__\loader.test.ts:12:20) 
{
        errno: -4058,
        code: 'ENOENT',
        syscall: 'open',
        path: 'C:\\Users\\Sriesa\\election education system\\backend\\data\\elections\\unknown_country_2024.json'
      }

    [0m [90m 13 |[39m     [36mreturn[39m [33mJSON[39m[33m.[39mparse(data)
     [90m 14 |[39m   } [36mcatch[39m (error) {
    [31m[1m>[22m[39m[90m 15 |[39m     console[33m.[39mwarn([32m`Failed to load election data for 
${country}`[39m[33m,[39m error)
     [90m    |[39m             [31m[1m^[22m[39m
     [90m 16 |[39m     [36mreturn[39m {}
     [90m 17 |[39m   }
     [90m 18 |[39m }[0m

      at loadElectionData (src/data/loader.ts:15:13)
      at Object.<anonymous> (src/__tests__/loader.test.ts:12:20)

    console.warn
      Failed to load FAQ data for india Error: ENOENT: no such file or directory, open 'C:\Users\Sriesa\election 
education system\backend\data\faq\india_faq.json'
          at open (node:internal/fs/promises:633:25)
          at Object.readFile (node:internal/fs/promises:1237:14)
          at loadFAQData (C:\Users\Sriesa\election education system\backend\src\data\loader.ts:62:18)
          at Object.<anonymous> (C:\Users\Sriesa\election education system\backend\src\__tests__\loader.test.ts:19:19) 
{
        errno: -4058,
        code: 'ENOENT',
        syscall: 'open',
        path: 'C:\\Users\\Sriesa\\election education system\\backend\\data\\faq\\india_faq.json'
      }

    [0m [90m 63 |[39m     [36mreturn[39m [33mJSON[39m[33m.[39mparse(data)
     [90m 64 |[39m   } [36mcatch[39m (error) {
    [31m[1m>[22m[39m[90m 65 |[39m     console[33m.[39mwarn([32m`Failed to load FAQ data for 
${country}`[39m[33m,[39m error)
     [90m    |[39m             [31m[1m^[22m[39m
     [90m 66 |[39m     [36mreturn[39m { country[33m,[39m faqs[33m:[39m [] }
     [90m 67 |[39m   }
     [90m 68 |[39m }[0m

      at loadFAQData (src/data/loader.ts:65:13)
      at Object.<anonymous> (src/__tests__/loader.test.ts:19:19)

    console.warn
      Failed to load FAQ data for unknown Error: ENOENT: no such file or directory, open 'C:\Users\Sriesa\election 
education system\backend\data\faq\unknown_faq.json'
          at open (node:internal/fs/promises:633:25)
          at Object.readFile (node:internal/fs/promises:1237:14)
          at loadFAQData (C:\Users\Sriesa\election education system\backend\src\data\loader.ts:62:18)
          at Object.<anonymous> (C:\Users\Sriesa\election education system\backend\src\__tests__\loader.test.ts:25:19) 
{
        errno: -4058,
        code: 'ENOENT',
        syscall: 'open',
        path: 'C:\\Users\\Sriesa\\election education system\\backend\\data\\faq\\unknown_faq.json'
      }

    [0m [90m 63 |[39m     [36mreturn[39m [33mJSON[39m[33m.[39mparse(data)
     [90m 64 |[39m   } [36mcatch[39m (error) {
    [31m[1m>[22m[39m[90m 65 |[39m     console[33m.[39mwarn([32m`Failed to load FAQ data for 
${country}`[39m[33m,[39m error)
     [90m    |[39m             [31m[1m^[22m[39m
     [90m 66 |[39m     [36mreturn[39m { country[33m,[39m faqs[33m:[39m [] }
     [90m 67 |[39m   }
     [90m 68 |[39m }[0m

      at loadFAQData (src/data/loader.ts:65:13)
      at Object.<anonymous> (src/__tests__/loader.test.ts:25:19)

    console.warn
      Failed to load timeline data for india 2024 Error: ENOENT: no such file or directory, open 
'C:\Users\Sriesa\election education system\backend\data\timeline\india_2024_timeline.json'
          at open (node:internal/fs/promises:633:25)
          at Object.readFile (node:internal/fs/promises:1237:14)
          at loadTimelineData (C:\Users\Sriesa\election education system\backend\src\data\loader.ts:46:18)
          at Object.<anonymous> (C:\Users\Sriesa\election education system\backend\src\__tests__\loader.test.ts:32:24) 
{
        errno: -4058,
        code: 'ENOENT',
        syscall: 'open',
        path: 'C:\\Users\\Sriesa\\election education system\\backend\\data\\timeline\\india_2024_timeline.json'
      }

    [0m [90m 47 |[39m     [36mreturn[39m [33mJSON[39m[33m.[39mparse(data)
     [90m 48 |[39m   } [36mcatch[39m (error) {
    [31m[1m>[22m[39m[90m 49 |[39m     console[33m.[39mwarn([32m`Failed to load timeline data for ${country} 
${year}`[39m[33m,[39m error)
     [90m    |[39m             [31m[1m^[22m[39m
     [90m 50 |[39m     [36mreturn[39m { timelineId[33m:[39m [32m`${country}_${year}_fallback`[39m[33m,[39m 
nodes[33m:[39m [] }
     [90m 51 |[39m   }
     [90m 52 |[39m }[0m

      at loadTimelineData (src/data/loader.ts:49:13)
      at Object.<anonymous> (src/__tests__/loader.test.ts:32:24)

    console.warn
      Failed to load myth registry for india Error: ENOENT: no such file or directory, open 'C:\Users\Sriesa\election 
education system\backend\data\myths\india_myths.json'
          at open (node:internal/fs/promises:633:25)
          at Object.readFile (node:internal/fs/promises:1237:14)
          at loadMythRegistry (C:\Users\Sriesa\election education system\backend\src\data\loader.ts:28:18)
          at Object.<anonymous> (C:\Users\Sriesa\election education system\backend\src\__tests__\loader.test.ts:40:21) 
{
        errno: -4058,
        code: 'ENOENT',
        syscall: 'open',
        path: 'C:\\Users\\Sriesa\\election education system\\backend\\data\\myths\\india_myths.json'
      }

    [0m [90m 30 |[39m     [36mreturn[39m parsed[33m.[39mmyths [33m||[39m []
     [90m 31 |[39m   } [36mcatch[39m (error) {
    [31m[1m>[22m[39m[90m 32 |[39m     console[33m.[39mwarn([32m`Failed to load myth registry for 
${country}`[39m[33m,[39m error)
     [90m    |[39m             [31m[1m^[22m[39m
     [90m 33 |[39m     [36mreturn[39m []
     [90m 34 |[39m   }
     [90m 35 |[39m }[0m

      at loadMythRegistry (src/data/loader.ts:32:13)
      at Object.<anonymous> (src/__tests__/loader.test.ts:40:21)

  ΓùÅ DataLoader ΓÇ║ loadElectionData ΓÇ║ should load india_2024 data successfully

    expect(received).toBeDefined()

    Received: undefined

    [0m [90m  6 |[39m       [36mconst[39m data [33m=[39m [36mawait[39m loadElectionData([32m'india'[39m)
     [90m  7 |[39m       expect(data)[33m.[39mtoBeDefined()
    [31m[1m>[22m[39m[90m  8 |[39m       expect((data [36mas[39m 
any)[33m.[39melection)[33m.[39mtoBeDefined()
     [90m    |[39m                                      [31m[1m^[22m[39m
     [90m  9 |[39m     })
     [90m 10 |[39m
     [90m 11 |[39m     it([32m'should return empty object for unknown country'[39m[33m,[39m [36masync[39m () 
[33m=>[39m {[0m

      at Object.<anonymous> (src/__tests__/loader.test.ts:8:38)

  ΓùÅ DataLoader ΓÇ║ loadFAQData ΓÇ║ should load india FAQ with items

    expect(received).toBeGreaterThan(expected)

    Expected: > 0
    Received:   0

    [0m [90m 19 |[39m       [36mconst[39m faq [33m=[39m [36mawait[39m loadFAQData([32m'india'[39m)
     [90m 20 |[39m       expect([33mArray[39m[33m.[39misArray((faq [36mas[39m 
any)[33m.[39mfaqs))[33m.[39mtoBe([36mtrue[39m)
    [31m[1m>[22m[39m[90m 21 |[39m       expect((faq [36mas[39m 
any)[33m.[39mfaqs[33m.[39mlength)[33m.[39mtoBeGreaterThan([35m0[39m)
     [90m    |[39m                                        [31m[1m^[22m[39m
     [90m 22 |[39m     })
     [90m 23 |[39m
     [90m 24 |[39m     it([32m'should return empty faqs array for unknown country'[39m[33m,[39m [36masync[39m 
() [33m=>[39m {[0m

      at Object.<anonymous> (src/__tests__/loader.test.ts:21:40)

  ΓùÅ DataLoader ΓÇ║ loadTimelineData ΓÇ║ should load india 2024 timeline nodes

    expect(received).toBeGreaterThan(expected)

    Expected: > 0
    Received:   0

    [0m [90m 32 |[39m       [36mconst[39m timeline [33m=[39m [36mawait[39m 
loadTimelineData([32m'india'[39m[33m,[39m [32m'2024'[39m)
     [90m 33 |[39m       expect([33mArray[39m[33m.[39misArray((timeline [36mas[39m 
any)[33m.[39mnodes))[33m.[39mtoBe([36mtrue[39m)
    [31m[1m>[22m[39m[90m 34 |[39m       expect((timeline [36mas[39m 
any)[33m.[39mnodes[33m.[39mlength)[33m.[39mtoBeGreaterThan([35m0[39m)
     [90m    |[39m                                              [31m[1m^[22m[39m
     [90m 35 |[39m     })
     [90m 36 |[39m   })
     [90m 37 |[39m[0m

      at Object.<anonymous> (src/__tests__/loader.test.ts:34:46)

PASS src/__tests__/health.routes.test.ts

Test Suites: 1 failed, 4 passed, 5 total
Tests:       3 failed, 25 passed, 28 total
Snapshots:   0 total
Time:        3.88 s, estimated 4 s
Ran all test suites.
